
> portail@0.1.0 build
> next build

⚠ Warning: Next.js inferred your workspace root, but it may not be correct.
 We detected multiple lockfiles and selected the directory of C:\Users\axel.calcavecchi\package-lock.json as the root directory.
 To silence this warning, set `turbopack.root` in your Next.js config, or consider removing one of the lockfiles if it's not needed.
   See https://nextjs.org/docs/app/api-reference/config/next-config-js/turbopack#root-directory for more information.
 Detected additional lockfiles: 
   * C:\Users\axel.calcavecchi\portail\package-lock.json

▲ Next.js 16.1.6 (Turbopack)
- Environments: .env

  Creating an optimized production build ...
✓ Compiled successfully in 2.4s
  Running TypeScript ...
Failed to compile.

.next/dev/types/validator.ts:24:44
Type error: Type 'Route' does not satisfy the constraint 'never'.
  Type '"/"' is not assignable to type 'never'.

[0m [90m 22 |[39m
 [90m 23 |[39m type [33mLayoutConfig[39m[33m<[39m[33mRoute[39m [36mextends[39m [33mLayoutRoutes[39m [33m=[39m [33mLayoutRoutes[39m[33m>[39m [33m=[39m {
[31m[1m>[22m[39m[90m 24 |[39m   [36mdefault[39m[33m:[39m [33mReact[39m[33m.[39m[33mComponentType[39m[33m<[39m[33mLayoutProps[39m[33m<[39m[33mRoute[39m[33m>>[39m [33m|[39m ((props[33m:[39m [33mLayoutProps[39m[33m<[39m[33mRoute[39m[33m>[39m) [33m=>[39m [33mReact[39m[33m.[39m[33mReactNode[39m [33m|[39m [33mPromise[39m[33m<[39m[33mReact[39m[33m.[39m[33mReactNode[39m[33m>[39m [33m|[39m never [33m|[39m [36mvoid[39m [33m|[39m [33mPromise[39m[33m<[39m[36mvoid[39m[33m>[39m)
 [90m    |[39m                                            [31m[1m^[22m[39m
 [90m 25 |[39m   generateStaticParams[33m?[39m[33m:[39m (props[33m:[39m { params[33m:[39m [33mParamMap[39m[[33mRoute[39m] }) [33m=>[39m [33mPromise[39m[33m<[39m[33many[39m[][33m>[39m [33m|[39m any[]
 [90m 26 |[39m   generateMetadata[33m?[39m[33m:[39m (
 [90m 27 |[39m     props[33m:[39m { params[33m:[39m [33mPromise[39m[33m<[39m[33mParamMap[39m[[33mRoute[39m][33m>[39m } [33m&[39m any[33m,[39m[0m
Next.js build worker exited with code: 1 and signal: null
